
> hr-system@0.0.1 test
> jest src/leaves/leaves.service.e2e.spec.ts

node.exe : FAIL src/leaves/leaves.service.e2e.spec.ts
At C:\Program Files\nodejs\npm.ps1:29 char:3
+   & $NODE_EXE $NPM_CLI_JS $args
+   ~~~~~~~~~~~~~~~~~~~~~~~~~~~~~
    + CategoryInfo          : NotSpecified: (FAIL src/leaves...ice.e2e.spec.ts:String) [], RemoteException
    + FullyQualifiedErrorId : NativeCommandError
 
  LeavesService E2E Tests
    Scenario 1: Standard Submission and Approval (BR 31)
      ├ù should complete full approval workflow with sufficient balance (26 ms)
    Scenario 2: Unpaid Leave Conversion (BR 29)
      ├ù should convert excess days to unpaid leave when balance is insufficient (7 ms)
    Scenario 3: Administrative Adjustments and Audit (BR 17)
      ├ù should create audit trail for manual adjustments (17 ms)
      ÔêÜ should reject adjustment without justification or hrUserId (7 ms)
    Scenario 4: Encashment Limit (BR 53)
      ├ù should enforce 30-day cap on leave encashment (6 ms)
      ├ù should calculate encashment correctly when days are under the cap (4 ms)

  ÔùÅ LeavesService E2E Tests ÔÇ║ Scenario 1: Standard Submission and Approval (BR 31) ÔÇ║ should complete full 
approval workflow with sufficient balance

    TypeError: Cannot read properties of undefined (reading 'exec')

      178 |         // Get calendar for the year
      179 |         const year = start.getFullYear();
    > 180 |         const calendar = await this.calendarModel.findOne({ year }).exec();
          |                                                                    ^
      181 |         const holidays = calendar?.holidays || [];
      182 |
      183 |         // Get holiday dates (assuming holidays are stored as ObjectIds referencing Holiday collection)

      at LeavesService.calculateWorkingDays (leaves/leaves.service.ts:180:68)
      at LeavesService.submitRequest (leaves/leaves.service.ts:67:41)
      at Object.<anonymous> (leaves/leaves.service.e2e.spec.ts:233:52)

  ÔùÅ LeavesService E2E Tests ÔÇ║ Scenario 2: Unpaid Leave Conversion (BR 29) ÔÇ║ should convert excess days to unpaid 
leave when balance is insufficient

    TypeError: Cannot read properties of undefined (reading 'exec')

      178 |         // Get calendar for the year
      179 |         const year = start.getFullYear();
    > 180 |         const calendar = await this.calendarModel.findOne({ year }).exec();
          |                                                                    ^
      181 |         const holidays = calendar?.holidays || [];
      182 |
      183 |         // Get holiday dates (assuming holidays are stored as ObjectIds referencing Holiday collection)

      at LeavesService.calculateWorkingDays (leaves/leaves.service.ts:180:68)
      at LeavesService.submitRequest (leaves/leaves.service.ts:67:41)
      at Object.<anonymous> (leaves/leaves.service.e2e.spec.ts:375:52)

  ÔùÅ LeavesService E2E Tests ÔÇ║ Scenario 3: Administrative Adjustments and Audit (BR 17) ÔÇ║ should create audit 
trail for manual adjustments

    TypeError: this.leaveEntitlementModel.findOneAndUpdate(...).exec is not a function

      545 |             { $inc: { remaining: amount } },
      546 |             { new: true }
    > 547 |         ).exec();
          |           ^
      548 |
      549 |         if (!updatedBalance) {
      550 |             throw new NotFoundException('Leave entitlement not found');

      at LeavesService.manualAdjustBalance (leaves/leaves.service.ts:547:11)
      at Object.<anonymous> (leaves/leaves.service.e2e.spec.ts:479:52)

  ÔùÅ LeavesService E2E Tests ÔÇ║ Scenario 4: Encashment Limit (BR 53) ÔÇ║ should enforce 30-day cap on leave 
encashment

    TypeError: this.leaveRequestModel.findById(...).exec is not a function

      1194 |         const { requestId, dailySalaryRate } = encashData;
      1195 |
    > 1196 |         const request = await this.leaveRequestModel.findById(requestId).exec();
           |                                                                          ^
      1197 |         if (!request) {
      1198 |             throw new NotFoundException(`Leave request ${requestId} not found`);
      1199 |         }

      at LeavesService.encashLeave (leaves/leaves.service.ts:1196:74)
      at Object.<anonymous> (leaves/leaves.service.e2e.spec.ts:585:48)

  ÔùÅ LeavesService E2E Tests ÔÇ║ Scenario 4: Encashment Limit (BR 53) ÔÇ║ should calculate encashment correctly when 
days are under the cap

    TypeError: this.leaveRequestModel.findById(...).exec is not a function

      1194 |         const { requestId, dailySalaryRate } = encashData;
      1195 |
    > 1196 |         const request = await this.leaveRequestModel.findById(requestId).exec();
           |                                                                          ^
      1197 |         if (!request) {
      1198 |             throw new NotFoundException(`Leave request ${requestId} not found`);
      1199 |         }

      at LeavesService.encashLeave (leaves/leaves.service.ts:1196:74)
      at Object.<anonymous> (leaves/leaves.service.e2e.spec.ts:649:48)

Test Suites: 1 failed, 1 total
Tests:       5 failed, 1 passed, 6 total
Snapshots:   0 total
Time:        2.966 s, estimated 3 s
Ran all test suites matching src/leaves/leaves.service.e2e.spec.ts.
